// Jest Snapshot v1, https://goo.gl/fbAQLP

exports[`Reservation Page renders correctly 1`] = `
Object {
  "asFragment": [Function],
  "baseElement": <body>
    <div>
      <div
        class="page-container"
      >
        <div
          class="sidebar"
        >
          <div
            class="logo"
          >
            <img
              alt="logo"
              class="logoImg"
              src="trekker.png"
            />
          </div>
          <ul
            class="links"
          >
            <li
              class="linksItem"
            >
              <a
                class="link"
                href="/destinations"
              >
                <svg
                  class="icons"
                  fill="currentColor"
                  height="1em"
                  stroke="currentColor"
                  stroke-width="0"
                  viewBox="0 0 24 24"
                  width="1em"
                  xmlns="http://www.w3.org/2000/svg"
                >
                  <path
                    d="M0 0h24v24H0z"
                    fill="none"
                  />
                  <path
                    d="M12 2C8.13 2 5 5.13 5 9c0 5.25 7 13 7 13s7-7.75 7-13c0-3.87-3.13-7-7-7zm0 9.5a2.5 2.5 0 010-5 2.5 2.5 0 010 5z"
                  />
                </svg>
                Destinations
              </a>
            </li>
            <li
              class="linksItem"
            >
              <a
                class="link"
                href="/reservations/myreservation"
              >
                <svg
                  class="icons"
                  fill="currentColor"
                  height="1em"
                  stroke="currentColor"
                  stroke-width="0"
                  viewBox="0 0 512 512"
                  width="1em"
                  xmlns="http://www.w3.org/2000/svg"
                >
                  <path
                    d="M168.8 32.89l-32.6 32.53 21.3 21.17L190 54.08zm33.9 33.96l-9.9 9.91 123 123.04 9.9-9.9zm159.4 18.06c-3.7 0-7.4.1-10.9.3-31.9 1.78-56.7 11.76-78.3 26.39l65.5 65.6c3.5 7.3 52 96.2 65.5 123.3-9.7-6.4-123.4-65.4-123.4-65.4l-15.3-15.2v140.3c23.9-14.6 50.1-27.7 83.6-31.2 37.5-4 83.5 4.3 144.2 33.1V118.7c-51.7-22.99-93.3-32.89-127.2-33.69-1.3 0-2.5-.11-3.7-.1zm-230.8 1.03C100.4 88.93 63.44 99 19.05 118.7v243.4C79.85 333.3 125.8 325 163.3 329c33 5.2 58.1 15.8 83.6 31.2V201.6c-38.6-38.5-77.1-77.1-115.6-115.66zm48.8 3.55l-9.9 9.89 123 123.02 9.9-9.9zM336 205.1l-27.5 27.5 55.1 27.6zM143.8 346.7c-32 .3-71.85 9.8-124.75 36v42.5c60.8-28.8 106.75-37.1 144.25-33.1 18.6 2 34.9 6.9 49.8 13.3-4.7 6.1-9.3 13.3-13.9 21.7h117.2c-6-8.2-11.8-15.4-17.7-21.6 15-6.5 31.4-11.4 50.1-13.4 37.5-4 83.5 4.3 144.2 33.1v-42.5c-53.1-26.3-93.1-35.9-125.2-36h-3.1c-4.8.1-9.4.4-13.9.9-34 3.6-59.6 18-85.6 34.4-5.7-.8-13-1.8-18.3-.9-27.2-16.2-58.2-30.4-85.5-33.5-5.6-.6-11.5-.9-17.6-.9z"
                  />
                </svg>
                My Reservations
              </a>
            </li>
            <li
              class="linksItem"
            >
              <a
                class="link"
                href="/login"
              >
                <svg
                  class="icons"
                  fill="currentColor"
                  height="1em"
                  stroke="currentColor"
                  stroke-width="0"
                  viewBox="0 0 24 24"
                  width="1em"
                  xmlns="http://www.w3.org/2000/svg"
                >
                  <g>
                    <path
                      d="M0 0h24v24H0z"
                      fill="none"
                    />
                    <path
                      d="M10 11H2.05C2.55 5.947 6.814 2 12 2c5.523 0 10 4.477 10 10s-4.477 10-10 10c-5.185 0-9.449-3.947-9.95-9H10v3l5-4-5-4v3z"
                    />
                  </g>
                </svg>
                Login
              </a>
            </li>
            <li
              class="linksItem"
            >
              <a
                class="link"
                href="/register"
              >
                <svg
                  class="icons"
                  fill="currentColor"
                  height="1em"
                  stroke="currentColor"
                  stroke-width="0"
                  viewBox="0 0 24 24"
                  width="1em"
                  xmlns="http://www.w3.org/2000/svg"
                >
                  <g>
                    <path
                      d="M0 0h24v24H0z"
                      fill="none"
                    />
                    <path
                      d="M3 4.995C3 3.893 3.893 3 4.995 3h14.01C20.107 3 21 3.893 21 4.995v14.01A1.995 1.995 0 0 1 19.005 21H4.995A1.995 1.995 0 0 1 3 19.005V4.995zM6.357 18h11.49a6.992 6.992 0 0 0-5.745-3 6.992 6.992 0 0 0-5.745 3zM12 13a3.5 3.5 0 1 0 0-7 3.5 3.5 0 0 0 0 7z"
                    />
                  </g>
                </svg>
                Register
              </a>
            </li>
          </ul>
        </div>
        <div
          class="r-c"
          style="background-position: center; background-size: cover;"
        >
          <div
            class="r-d"
          >
            <div
              class="r-h"
            >
              <h3>
                Book your dream vacation
              </h3>
            </div>
            <div>
              <form
                method="post"
              >
                <div
                  class="r-b"
                >
                  <div
                    class="react-datepicker-wrapper"
                  >
                    <div
                      class="react-datepicker__input-container"
                    >
                      <input
                        class="dp-1"
                        type="text"
                        value="08/26/2022"
                      />
                    </div>
                  </div>
                  <div
                    class="react-datepicker-wrapper"
                  >
                    <div
                      class="react-datepicker__input-container"
                    >
                      <input
                        class="dp-1"
                        type="text"
                        value="08/26/2022"
                      />
                    </div>
                  </div>
                </div>
                <button
                  class="btn-1"
                  type="submit"
                >
                  Book now
                </button>
              </form>
            </div>
          </div>
        </div>
      </div>
    </div>
  </body>,
  "container": <div>
    <div
      class="page-container"
    >
      <div
        class="sidebar"
      >
        <div
          class="logo"
        >
          <img
            alt="logo"
            class="logoImg"
            src="trekker.png"
          />
        </div>
        <ul
          class="links"
        >
          <li
            class="linksItem"
          >
            <a
              class="link"
              href="/destinations"
            >
              <svg
                class="icons"
                fill="currentColor"
                height="1em"
                stroke="currentColor"
                stroke-width="0"
                viewBox="0 0 24 24"
                width="1em"
                xmlns="http://www.w3.org/2000/svg"
              >
                <path
                  d="M0 0h24v24H0z"
                  fill="none"
                />
                <path
                  d="M12 2C8.13 2 5 5.13 5 9c0 5.25 7 13 7 13s7-7.75 7-13c0-3.87-3.13-7-7-7zm0 9.5a2.5 2.5 0 010-5 2.5 2.5 0 010 5z"
                />
              </svg>
              Destinations
            </a>
          </li>
          <li
            class="linksItem"
          >
            <a
              class="link"
              href="/reservations/myreservation"
            >
              <svg
                class="icons"
                fill="currentColor"
                height="1em"
                stroke="currentColor"
                stroke-width="0"
                viewBox="0 0 512 512"
                width="1em"
                xmlns="http://www.w3.org/2000/svg"
              >
                <path
                  d="M168.8 32.89l-32.6 32.53 21.3 21.17L190 54.08zm33.9 33.96l-9.9 9.91 123 123.04 9.9-9.9zm159.4 18.06c-3.7 0-7.4.1-10.9.3-31.9 1.78-56.7 11.76-78.3 26.39l65.5 65.6c3.5 7.3 52 96.2 65.5 123.3-9.7-6.4-123.4-65.4-123.4-65.4l-15.3-15.2v140.3c23.9-14.6 50.1-27.7 83.6-31.2 37.5-4 83.5 4.3 144.2 33.1V118.7c-51.7-22.99-93.3-32.89-127.2-33.69-1.3 0-2.5-.11-3.7-.1zm-230.8 1.03C100.4 88.93 63.44 99 19.05 118.7v243.4C79.85 333.3 125.8 325 163.3 329c33 5.2 58.1 15.8 83.6 31.2V201.6c-38.6-38.5-77.1-77.1-115.6-115.66zm48.8 3.55l-9.9 9.89 123 123.02 9.9-9.9zM336 205.1l-27.5 27.5 55.1 27.6zM143.8 346.7c-32 .3-71.85 9.8-124.75 36v42.5c60.8-28.8 106.75-37.1 144.25-33.1 18.6 2 34.9 6.9 49.8 13.3-4.7 6.1-9.3 13.3-13.9 21.7h117.2c-6-8.2-11.8-15.4-17.7-21.6 15-6.5 31.4-11.4 50.1-13.4 37.5-4 83.5 4.3 144.2 33.1v-42.5c-53.1-26.3-93.1-35.9-125.2-36h-3.1c-4.8.1-9.4.4-13.9.9-34 3.6-59.6 18-85.6 34.4-5.7-.8-13-1.8-18.3-.9-27.2-16.2-58.2-30.4-85.5-33.5-5.6-.6-11.5-.9-17.6-.9z"
                />
              </svg>
              My Reservations
            </a>
          </li>
          <li
            class="linksItem"
          >
            <a
              class="link"
              href="/login"
            >
              <svg
                class="icons"
                fill="currentColor"
                height="1em"
                stroke="currentColor"
                stroke-width="0"
                viewBox="0 0 24 24"
                width="1em"
                xmlns="http://www.w3.org/2000/svg"
              >
                <g>
                  <path
                    d="M0 0h24v24H0z"
                    fill="none"
                  />
                  <path
                    d="M10 11H2.05C2.55 5.947 6.814 2 12 2c5.523 0 10 4.477 10 10s-4.477 10-10 10c-5.185 0-9.449-3.947-9.95-9H10v3l5-4-5-4v3z"
                  />
                </g>
              </svg>
              Login
            </a>
          </li>
          <li
            class="linksItem"
          >
            <a
              class="link"
              href="/register"
            >
              <svg
                class="icons"
                fill="currentColor"
                height="1em"
                stroke="currentColor"
                stroke-width="0"
                viewBox="0 0 24 24"
                width="1em"
                xmlns="http://www.w3.org/2000/svg"
              >
                <g>
                  <path
                    d="M0 0h24v24H0z"
                    fill="none"
                  />
                  <path
                    d="M3 4.995C3 3.893 3.893 3 4.995 3h14.01C20.107 3 21 3.893 21 4.995v14.01A1.995 1.995 0 0 1 19.005 21H4.995A1.995 1.995 0 0 1 3 19.005V4.995zM6.357 18h11.49a6.992 6.992 0 0 0-5.745-3 6.992 6.992 0 0 0-5.745 3zM12 13a3.5 3.5 0 1 0 0-7 3.5 3.5 0 0 0 0 7z"
                  />
                </g>
              </svg>
              Register
            </a>
          </li>
        </ul>
      </div>
      <div
        class="r-c"
        style="background-position: center; background-size: cover;"
      >
        <div
          class="r-d"
        >
          <div
            class="r-h"
          >
            <h3>
              Book your dream vacation
            </h3>
          </div>
          <div>
            <form
              method="post"
            >
              <div
                class="r-b"
              >
                <div
                  class="react-datepicker-wrapper"
                >
                  <div
                    class="react-datepicker__input-container"
                  >
                    <input
                      class="dp-1"
                      type="text"
                      value="08/26/2022"
                    />
                  </div>
                </div>
                <div
                  class="react-datepicker-wrapper"
                >
                  <div
                    class="react-datepicker__input-container"
                  >
                    <input
                      class="dp-1"
                      type="text"
                      value="08/26/2022"
                    />
                  </div>
                </div>
              </div>
              <button
                class="btn-1"
                type="submit"
              >
                Book now
              </button>
            </form>
          </div>
        </div>
      </div>
    </div>
  </div>,
  "debug": [Function],
  "findAllByAltText": [Function],
  "findAllByDisplayValue": [Function],
  "findAllByLabelText": [Function],
  "findAllByPlaceholderText": [Function],
  "findAllByRole": [Function],
  "findAllByTestId": [Function],
  "findAllByText": [Function],
  "findAllByTitle": [Function],
  "findByAltText": [Function],
  "findByDisplayValue": [Function],
  "findByLabelText": [Function],
  "findByPlaceholderText": [Function],
  "findByRole": [Function],
  "findByTestId": [Function],
  "findByText": [Function],
  "findByTitle": [Function],
  "getAllByAltText": [Function],
  "getAllByDisplayValue": [Function],
  "getAllByLabelText": [Function],
  "getAllByPlaceholderText": [Function],
  "getAllByRole": [Function],
  "getAllByTestId": [Function],
  "getAllByText": [Function],
  "getAllByTitle": [Function],
  "getByAltText": [Function],
  "getByDisplayValue": [Function],
  "getByLabelText": [Function],
  "getByPlaceholderText": [Function],
  "getByRole": [Function],
  "getByTestId": [Function],
  "getByText": [Function],
  "getByTitle": [Function],
  "queryAllByAltText": [Function],
  "queryAllByDisplayValue": [Function],
  "queryAllByLabelText": [Function],
  "queryAllByPlaceholderText": [Function],
  "queryAllByRole": [Function],
  "queryAllByTestId": [Function],
  "queryAllByText": [Function],
  "queryAllByTitle": [Function],
  "queryByAltText": [Function],
  "queryByDisplayValue": [Function],
  "queryByLabelText": [Function],
  "queryByPlaceholderText": [Function],
  "queryByRole": [Function],
  "queryByTestId": [Function],
  "queryByText": [Function],
  "queryByTitle": [Function],
  "rerender": [Function],
  "unmount": [Function],
}
`;
