// Jest Snapshot v1, https://goo.gl/fbAQLP

exports[`Register to app renders correctly 1`] = `
Object {
  "asFragment": [Function],
  "baseElement": <body>
    <div>
      <section
        class="loginContainer"
      >
        <div
          class="loginForm"
        >
          <img
            alt="trekker logo"
            src="trekker.png"
          />
          <form
            method=""
          >
            <label
              for="username"
            >
              Username
            </label>
            <input
              id="username"
              name="username"
              required=""
              type="text"
              value=""
            />
            <label
              for="full_name"
            >
              Full name
            </label>
            <input
              id="full_name"
              name="full_name"
              required=""
              type="text"
              value=""
            />
            <label
              for="email"
            >
              Email
            </label>
            <input
              id="email"
              name="email"
              required=""
              type="email"
              value=""
            />
            <label
              for="password"
            >
              Password
            </label>
            <input
              id="password"
              name="password"
              required=""
              type="password"
              value=""
            />
            <label
              for="password_confirmation"
            >
              Password confirmation
            </label>
            <input
              id="password_confirmation"
              name="password_confirmation"
              required=""
              type="password"
              value=""
            />
            <button
              type="submit"
            >
              Register
            </button>
            <a
              href="/login"
            >
              Already have an account? Login
            </a>
          </form>
        </div>
      </section>
    </div>
  </body>,
  "container": <div>
    <section
      class="loginContainer"
    >
      <div
        class="loginForm"
      >
        <img
          alt="trekker logo"
          src="trekker.png"
        />
        <form
          method=""
        >
          <label
            for="username"
          >
            Username
          </label>
          <input
            id="username"
            name="username"
            required=""
            type="text"
            value=""
          />
          <label
            for="full_name"
          >
            Full name
          </label>
          <input
            id="full_name"
            name="full_name"
            required=""
            type="text"
            value=""
          />
          <label
            for="email"
          >
            Email
          </label>
          <input
            id="email"
            name="email"
            required=""
            type="email"
            value=""
          />
          <label
            for="password"
          >
            Password
          </label>
          <input
            id="password"
            name="password"
            required=""
            type="password"
            value=""
          />
          <label
            for="password_confirmation"
          >
            Password confirmation
          </label>
          <input
            id="password_confirmation"
            name="password_confirmation"
            required=""
            type="password"
            value=""
          />
          <button
            type="submit"
          >
            Register
          </button>
          <a
            href="/login"
          >
            Already have an account? Login
          </a>
        </form>
      </div>
    </section>
  </div>,
  "debug": [Function],
  "findAllByAltText": [Function],
  "findAllByDisplayValue": [Function],
  "findAllByLabelText": [Function],
  "findAllByPlaceholderText": [Function],
  "findAllByRole": [Function],
  "findAllByTestId": [Function],
  "findAllByText": [Function],
  "findAllByTitle": [Function],
  "findByAltText": [Function],
  "findByDisplayValue": [Function],
  "findByLabelText": [Function],
  "findByPlaceholderText": [Function],
  "findByRole": [Function],
  "findByTestId": [Function],
  "findByText": [Function],
  "findByTitle": [Function],
  "getAllByAltText": [Function],
  "getAllByDisplayValue": [Function],
  "getAllByLabelText": [Function],
  "getAllByPlaceholderText": [Function],
  "getAllByRole": [Function],
  "getAllByTestId": [Function],
  "getAllByText": [Function],
  "getAllByTitle": [Function],
  "getByAltText": [Function],
  "getByDisplayValue": [Function],
  "getByLabelText": [Function],
  "getByPlaceholderText": [Function],
  "getByRole": [Function],
  "getByTestId": [Function],
  "getByText": [Function],
  "getByTitle": [Function],
  "queryAllByAltText": [Function],
  "queryAllByDisplayValue": [Function],
  "queryAllByLabelText": [Function],
  "queryAllByPlaceholderText": [Function],
  "queryAllByRole": [Function],
  "queryAllByTestId": [Function],
  "queryAllByText": [Function],
  "queryAllByTitle": [Function],
  "queryByAltText": [Function],
  "queryByDisplayValue": [Function],
  "queryByLabelText": [Function],
  "queryByPlaceholderText": [Function],
  "queryByRole": [Function],
  "queryByTestId": [Function],
  "queryByText": [Function],
  "queryByTitle": [Function],
  "rerender": [Function],
  "unmount": [Function],
}
`;
